.\x64\Debug\40kRL_Tests.exe : C:\vcpkg\buildtrees\libtcod\sr
c\2.2.2-f22489a769.clean\src\libtcod\context_init.c:277:WARN
ING:All libtcod renderers other than TCOD_RENDERER_SDL2 
will be ignored.
At line:1 char:45
+ ... ects\40kRL; .\x64\Debug\40kRL_Tests.exe -r compact 
2>&1 > test_output ...
+                 
~~~~~~~~~~~~~~~~~~~~~~~~~~~~~~~~~~~~~~~~~~~~~~~~~~~~~~~~~
    + CategoryInfo          : NotSpecified: (C:\vcpkg\build 
   t...ill be ignored.:String) [], RemoteException
    + FullyQualifiedErrorId : NativeCommandError
 
RNG seed: 1023438669
C:\Users\jonat\Documents\Projects\40kRL\Tests\test_ranged_pipeline.cpp(54): warning: 'Enemy not in FOV ÔÇö BSP map generation placed walls. Test inconclusive.'
C:\Users\jonat\Documents\Projects\40kRL\Tests\test_ranged_pipeline.cpp(62): warning: 'Enemy not in FOV ÔÇö BSP map generation placed walls between them. Test inconclusive.'
